Archive member included to satisfy reference by file (symbol)

D:/embedded/STM32CubeIDE_1.16.0/STM32CubeIDE/plugins/com.st.stm32cube.ide.mcu.externaltools.gnu-tools-for-stm32.12.3.rel1.win32_1.0.200.202406191623/tools/bin/../lib/gcc/arm-none-eabi/12.3.1/../../../../arm-none-eabi/lib/thumb/v7e-m+fp/hard\libc_nano.a(libc_a-exit.o)
                              D:/embedded/STM32CubeIDE_1.16.0/STM32CubeIDE/plugins/com.st.stm32cube.ide.mcu.externaltools.gnu-tools-for-stm32.12.3.rel1.win32_1.0.200.202406191623/tools/bin/../lib/gcc/arm-none-eabi/12.3.1/../../../../arm-none-eabi/lib/thumb/v7e-m+fp/hard/crt0.o (exit)
D:/embedded/STM32CubeIDE_1.16.0/STM32CubeIDE/plugins/com.st.stm32cube.ide.mcu.externaltools.gnu-tools-for-stm32.12.3.rel1.win32_1.0.200.202406191623/tools/bin/../lib/gcc/arm-none-eabi/12.3.1/../../../../arm-none-eabi/lib/thumb/v7e-m+fp/hard\libc_nano.a(libc_a-findfp.o)
                              D:/embedded/STM32CubeIDE_1.16.0/STM32CubeIDE/plugins/com.st.stm32cube.ide.mcu.externaltools.gnu-tools-for-stm32.12.3.rel1.win32_1.0.200.202406191623/tools/bin/../lib/gcc/arm-none-eabi/12.3.1/../../../../arm-none-eabi/lib/thumb/v7e-m+fp/hard\libc_nano.a(libc_a-exit.o) (__stdio_exit_handler)
D:/embedded/STM32CubeIDE_1.16.0/STM32CubeIDE/plugins/com.st.stm32cube.ide.mcu.externaltools.gnu-tools-for-stm32.12.3.rel1.win32_1.0.200.202406191623/tools/bin/../lib/gcc/arm-none-eabi/12.3.1/../../../../arm-none-eabi/lib/thumb/v7e-m+fp/hard\libc_nano.a(libc_a-fwalk.o)
                              D:/embedded/STM32CubeIDE_1.16.0/STM32CubeIDE/plugins/com.st.stm32cube.ide.mcu.externaltools.gnu-tools-for-stm32.12.3.rel1.win32_1.0.200.202406191623/tools/bin/../lib/gcc/arm-none-eabi/12.3.1/../../../../arm-none-eabi/lib/thumb/v7e-m+fp/hard\libc_nano.a(libc_a-findfp.o) (_fwalk_sglue)
D:/embedded/STM32CubeIDE_1.16.0/STM32CubeIDE/plugins/com.st.stm32cube.ide.mcu.externaltools.gnu-tools-for-stm32.12.3.rel1.win32_1.0.200.202406191623/tools/bin/../lib/gcc/arm-none-eabi/12.3.1/../../../../arm-none-eabi/lib/thumb/v7e-m+fp/hard\libc_nano.a(libc_a-stdio.o)
                              D:/embedded/STM32CubeIDE_1.16.0/STM32CubeIDE/plugins/com.st.stm32cube.ide.mcu.externaltools.gnu-tools-for-stm32.12.3.rel1.win32_1.0.200.202406191623/tools/bin/../lib/gcc/arm-none-eabi/12.3.1/../../../../arm-none-eabi/lib/thumb/v7e-m+fp/hard\libc_nano.a(libc_a-findfp.o) (__sread)
D:/embedded/STM32CubeIDE_1.16.0/STM32CubeIDE/plugins/com.st.stm32cube.ide.mcu.externaltools.gnu-tools-for-stm32.12.3.rel1.win32_1.0.200.202406191623/tools/bin/../lib/gcc/arm-none-eabi/12.3.1/../../../../arm-none-eabi/lib/thumb/v7e-m+fp/hard\libc_nano.a(libc_a-memset.o)
                              D:/embedded/STM32CubeIDE_1.16.0/STM32CubeIDE/plugins/com.st.stm32cube.ide.mcu.externaltools.gnu-tools-for-stm32.12.3.rel1.win32_1.0.200.202406191623/tools/bin/../lib/gcc/arm-none-eabi/12.3.1/../../../../arm-none-eabi/lib/thumb/v7e-m+fp/hard/crt0.o (memset)
D:/embedded/STM32CubeIDE_1.16.0/STM32CubeIDE/plugins/com.st.stm32cube.ide.mcu.externaltools.gnu-tools-for-stm32.12.3.rel1.win32_1.0.200.202406191623/tools/bin/../lib/gcc/arm-none-eabi/12.3.1/../../../../arm-none-eabi/lib/thumb/v7e-m+fp/hard\libc_nano.a(libc_a-closer.o)
                              D:/embedded/STM32CubeIDE_1.16.0/STM32CubeIDE/plugins/com.st.stm32cube.ide.mcu.externaltools.gnu-tools-for-stm32.12.3.rel1.win32_1.0.200.202406191623/tools/bin/../lib/gcc/arm-none-eabi/12.3.1/../../../../arm-none-eabi/lib/thumb/v7e-m+fp/hard\libc_nano.a(libc_a-stdio.o) (_close_r)
D:/embedded/STM32CubeIDE_1.16.0/STM32CubeIDE/plugins/com.st.stm32cube.ide.mcu.externaltools.gnu-tools-for-stm32.12.3.rel1.win32_1.0.200.202406191623/tools/bin/../lib/gcc/arm-none-eabi/12.3.1/../../../../arm-none-eabi/lib/thumb/v7e-m+fp/hard\libc_nano.a(libc_a-reent.o)
                              D:/embedded/STM32CubeIDE_1.16.0/STM32CubeIDE/plugins/com.st.stm32cube.ide.mcu.externaltools.gnu-tools-for-stm32.12.3.rel1.win32_1.0.200.202406191623/tools/bin/../lib/gcc/arm-none-eabi/12.3.1/../../../../arm-none-eabi/lib/thumb/v7e-m+fp/hard\libc_nano.a(libc_a-closer.o) (errno)
D:/embedded/STM32CubeIDE_1.16.0/STM32CubeIDE/plugins/com.st.stm32cube.ide.mcu.externaltools.gnu-tools-for-stm32.12.3.rel1.win32_1.0.200.202406191623/tools/bin/../lib/gcc/arm-none-eabi/12.3.1/../../../../arm-none-eabi/lib/thumb/v7e-m+fp/hard\libc_nano.a(libc_a-impure.o)
                              D:/embedded/STM32CubeIDE_1.16.0/STM32CubeIDE/plugins/com.st.stm32cube.ide.mcu.externaltools.gnu-tools-for-stm32.12.3.rel1.win32_1.0.200.202406191623/tools/bin/../lib/gcc/arm-none-eabi/12.3.1/../../../../arm-none-eabi/lib/thumb/v7e-m+fp/hard\libc_nano.a(libc_a-reent.o) (_impure_ptr)
D:/embedded/STM32CubeIDE_1.16.0/STM32CubeIDE/plugins/com.st.stm32cube.ide.mcu.externaltools.gnu-tools-for-stm32.12.3.rel1.win32_1.0.200.202406191623/tools/bin/../lib/gcc/arm-none-eabi/12.3.1/../../../../arm-none-eabi/lib/thumb/v7e-m+fp/hard\libc_nano.a(libc_a-lseekr.o)
[...]
Memory Configuration

Name             Origin             Length             Attributes
CCMRAM           0x10000000         0x00010000         xrw
RAM              0x20000000         0x00020000         xrw
FLASH            0x08000000         0x00100000         xr
*default*        0x00000000         0xffffffff

Linker script and memory map

LOAD D:/embedded/STM32CubeIDE_1.16.0/STM32CubeIDE/plugins/com.st.stm32cube.ide.mcu.externaltools.gnu-tools-for-stm32.12.3.rel1.win32_1.0.200.202406191623/tools/bin/../lib/gcc/arm-none-eabi/12.3.1/thumb/v7e-m+fp/hard/crti.o
LOAD D:/embedded/STM32CubeIDE_1.16.0/STM32CubeIDE/plugins/com.st.stm32cube.ide.mcu.externaltools.gnu-tools-for-stm32.12.3.rel1.win32_1.0.200.202406191623/tools/bin/../lib/gcc/arm-none-eabi/12.3.1/thumb/v7e-m+fp/hard/crtbegin.o
LOAD D:/embedded/STM32CubeIDE_1.16.0/STM32CubeIDE/plugins/com.st.stm32cube.ide.mcu.externaltools.gnu-tools-for-stm32.12.3.rel1.win32_1.0.200.202406191623/tools/bin/../lib/gcc/arm-none-eabi/12.3.1/../../../../arm-none-eabi/lib/thumb/v7e-m+fp/hard/crt0.o
LOAD ./Core/Src/DshotBitbang.o
LOAD ./Core/Src/main.o
LOAD ./Core/Src/stm32f4xx_hal_msp.o
LOAD ./Core/Src/stm32f4xx_it.o
LOAD ./Core/Src/syscalls.o
LOAD ./Core/Src/sysmem.o
LOAD ./Core/Src/system_stm32f4xx.o
LOAD ./Core/Startup/startup_stm32f407vgtx.o
LOAD ./Drivers/STM32F4xx_HAL_Driver/Src/stm32f4xx_hal.o
LOAD ./Drivers/STM32F4xx_HAL_Driver/Src/stm32f4xx_hal_cortex.o
LOAD ./Drivers/STM32F4xx_HAL_Driver/Src/stm32f4xx_hal_dma.o
LOAD ./Drivers/STM32F4xx_HAL_Driver/Src/stm32f4xx_hal_dma_ex.o
LOAD ./Drivers/STM32F4xx_HAL_Driver/Src/stm32f4xx_hal_exti.o
LOAD ./Drivers/STM32F4xx_HAL_Driver/Src/stm32f4xx_hal_flash.o
LOAD ./Drivers/STM32F4xx_HAL_Driver/Src/stm32f4xx_hal_flash_ex.o
LOAD ./Drivers/STM32F4xx_HAL_Driver/Src/stm32f4xx_hal_flash_ramfunc.o
LOAD ./Drivers/STM32F4xx_HAL_Driver/Src/stm32f4xx_hal_gpio.o
LOAD ./Drivers/STM32F4xx_HAL_Driver/Src/stm32f4xx_hal_pwr.o
LOAD ./Drivers/STM32F4xx_HAL_Driver/Src/stm32f4xx_hal_pwr_ex.o
LOAD ./Drivers/STM32F4xx_HAL_Driver/Src/stm32f4xx_hal_rcc.o
LOAD ./Drivers/STM32F4xx_HAL_Driver/Src/stm32f4xx_hal_rcc_ex.o
LOAD ./Drivers/STM32F4xx_HAL_Driver/Src/stm32f4xx_hal_tim.o
LOAD ./Drivers/STM32F4xx_HAL_Driver/Src/stm32f4xx_hal_tim_ex.o
START GROUP
LOAD D:/embedded/STM32CubeIDE_1.16.0/STM32CubeIDE/plugins/com.st.stm32cube.ide.mcu.externaltools.gnu-tools-for-stm32.12.3.rel1.win32_1.0.200.202406191623/tools/bin/../lib/gcc/arm-none-eabi/12.3.1/../../../../arm-none-eabi/lib/thumb/v7e-m+fp/hard\libc_nano.a
LOAD D:/embedded/STM32CubeIDE_1.16.0/STM32CubeIDE/plugins/com.st.stm32cube.ide.mcu.externaltools.gnu-tools-for-stm32.12.3.rel1.win32_1.0.200.202406191623/tools/bin/../lib/gcc/arm-none-eabi/12.3.1/../../../../arm-none-eabi/lib/thumb/v7e-m+fp/hard\libm.a
END GROUP
START GROUP
LOAD D:/embedded/STM32CubeIDE_1.16.0/STM32CubeIDE/plugins/com.st.stm32cube.ide.mcu.externaltools.gnu-tools-for-stm32.12.3.rel1.win32_1.0.200.202406191623/tools/bin/../lib/gcc/arm-none-eabi/12.3.1/thumb/v7e-m+fp/hard\libgcc.a
LOAD D:/embedded/STM32CubeIDE_1.16.0/STM32CubeIDE/plugins/com.st.stm32cube.ide.mcu.externaltools.gnu-tools-for-stm32.12.3.rel1.win32_1.0.200.202406191623/tools/bin/../lib/gcc/arm-none-eabi/12.3.1/../../../../arm-none-eabi/lib/thumb/v7e-m+fp/hard\libc_nano.a
END GROUP
START GROUP
LOAD D:/embedded/STM32CubeIDE_1.16.0/STM32CubeIDE/plugins/com.st.stm32cube.ide.mcu.externaltools.gnu-tools-for-stm32.12.3.rel1.win32_1.0.200.202406191623/tools/bin/../lib/gcc/arm-none-eabi/12.3.1/thumb/v7e-m+fp/hard\libgcc.a
LOAD D:/embedded/STM32CubeIDE_1.16.0/STM32CubeIDE/plugins/com.st.stm32cube.ide.mcu.externaltools.gnu-tools-for-stm32.12.3.rel1.win32_1.0.200.202406191623/tools/bin/../lib/gcc/arm-none-eabi/12.3.1/../../../../arm-none-eabi/lib/thumb/v7e-m+fp/hard\libc_nano.a
LOAD D:/embedded/STM32CubeIDE_1.16.0/STM32CubeIDE/plugins/com.st.stm32cube.ide.mcu.externaltools.gnu-tools-for-stm32.12.3.rel1.win32_1.0.200.202406191623/tools/bin/../lib/gcc/arm-none-eabi/12.3.1/../../../../arm-none-eabi/lib/thumb/v7e-m+fp/hard\libnosys.a
END GROUP
START GROUP
LOAD D:/embedded/STM32CubeIDE_1.16.0/STM32CubeIDE/plugins/com.st.stm32cube.ide.mcu.externaltools.gnu-tools-for-stm32.12.3.rel1.win32_1.0.200.202406191623/tools/bin/../lib/gcc/arm-none-eabi/12.3.1/thumb/v7e-m+fp/hard\libgcc.a
LOAD D:/embedded/STM32CubeIDE_1.16.0/STM32CubeIDE/plugins/com.st.stm32cube.ide.mcu.externaltools.gnu-tools-for-stm32.12.3.rel1.win32_1.0.200.202406191623/tools/bin/../lib/gcc/arm-none-eabi/12.3.1/../../../../arm-none-eabi/lib/thumb/v7e-m+fp/hard\libc_nano.a
LOAD D:/embedded/STM32CubeIDE_1.16.0/STM32CubeIDE/plugins/com.st.stm32cube.ide.mcu.externaltools.gnu-tools-for-stm32.12.3.rel1.win32_1.0.200.202406191623/tools/bin/../lib/gcc/arm-none-eabi/12.3.1/../../../../arm-none-eabi/lib/thumb/v7e-m+fp/hard\libnosys.a
END GROUP
LOAD D:/embedded/STM32CubeIDE_1.16.0/STM32CubeIDE/plugins/com.st.stm32cube.ide.mcu.externaltools.gnu-tools-for-stm32.12.3.rel1.win32_1.0.200.202406191623/tools/bin/../lib/gcc/arm-none-eabi/12.3.1/thumb/v7e-m+fp/hard/crtend.o
LOAD D:/embedded/STM32CubeIDE_1.16.0/STM32CubeIDE/plugins/com.st.stm32cube.ide.mcu.externaltools.gnu-tools-for-stm32.12.3.rel1.win32_1.0.200.202406191623/tools/bin/../lib/gcc/arm-none-eabi/12.3.1/thumb/v7e-m+fp/hard/crtn.o
                0x20020000                        _estack = (ORIGIN (RAM) + LENGTH (RAM))
                0x00000200                        _Min_Heap_Size = 0x200
                0x00000400                        _Min_Stack_Size = 0x400

.isr_vector     0x08000000      0x188
                0x08000000                        . = ALIGN (0x4)
 *(.isr_vector)
 .isr_vector    0x08000000      0x188 ./Core/Startup/startup_stm32f407vgtx.o
                0x08000000                g_pfnVectors
                0x08000188                        . = ALIGN (0x4)

.text           0x08000188     0x31c0
                0x08000188                        . = ALIGN (0x4)
 *(.text)
 .text          0x08000188       0x40 D:/embedded/STM32CubeIDE_1.16.0/STM32CubeIDE/plugins/com.st.stm32cube.ide.mcu.externaltools.gnu-tools-for-stm32.12.3.rel1.win32_1.0.200.202406191623/tools/bin/../lib/gcc/arm-none-eabi/12.3.1/thumb/v7e-m+fp/hard/crtbegin.o
 .text          0x080001c8       0x30 D:/embedded/STM32CubeIDE_1.16.0/STM32CubeIDE/plugins/com.st.stm32cube.ide.mcu.externaltools.gnu-tools-for-stm32.12.3.rel1.win32_1.0.200.202406191623/tools/bin/../lib/gcc/arm-none-eabi/12.3.1/thumb/v7e-m+fp/hard\libgcc.a(_aeabi_uldivmod.o)
                0x080001c8                __aeabi_uldivmod
 .text          0x080001f8      0x2bc D:/embedded/STM32CubeIDE_1.16.0/STM32CubeIDE/plugins/com.st.stm32cube.ide.mcu.externaltools.gnu-tools-for-stm32.12.3.rel1.win32_1.0.200.202406191623/tools/bin/../lib/gcc/arm-none-eabi/12.3.1/thumb/v7e-m+fp/hard\libgcc.a(_udivmoddi4.o)
                0x080001f8                __udivmoddi4
 .text          0x080004b4        0x4 D:/embedded/STM32CubeIDE_1.16.0/STM32CubeIDE/plugins/com.st.stm32cube.ide.mcu.externaltools.gnu-tools-for-stm32.12.3.rel1.win32_1.0.200.202406191623/tools/bin/../lib/gcc/arm-none-eabi/12.3.1/thumb/v7e-m+fp/hard\libgcc.a(_dvmd_tls.o)
                0x080004b4                __aeabi_idiv0
                0x080004b4                __aeabi_ldiv0
 *(.text*)
 .text.MemBuffer_init
                0x080004b8       0x6a ./Core/Src/DshotBitbang.o
                0x080004b8                MemBuffer_init
 .text.calculateCRCandTelemtryBit
                0x08000522       0x3c ./Core/Src/DshotBitbang.o
                0x08000522                calculateCRCandTelemtryBit
 .text.getDshotFrame
                0x0800055e       0x2a ./Core/Src/DshotBitbang.o
                0x0800055e                getDshotFrame
 .text.DshotFrameToMemBuffer
                0x08000588       0x6c ./Core/Src/DshotBitbang.o
                0x08000588                DshotFrameToMemBuffer
 .text.get_BDshot_response
                0x080005f4      0x298 ./Core/Src/DshotBitbang.o
                0x080005f4                get_BDshot_response
 .text.BDshot_check_checksum
                0x0800088c       0x44 ./Core/Src/DshotBitbang.o
 .text.read_BDshot_response
                0x080008d0       0xbc ./Core/Src/DshotBitbang.o
                0x080008d0                read_BDshot_response
 .text.HAL_DMA_TxCpltCallback
                0x0800098c       0x48 ./Core/Src/main.o
                0x0800098c                HAL_DMA_TxCpltCallback
 .text.main     0x080009d4      0x1b8 ./Core/Src/main.o
                0x080009d4                main
 .text.SystemClock_Config
                0x08000b8c       0xd4 ./Core/Src/main.o
                0x08000b8c                SystemClock_Config
 .text.MX_TIM1_Init
                0x08000c60      0x148 ./Core/Src/main.o
 .text.MX_DMA_Init
                0x08000da8       0x40 ./Core/Src/main.o
 .text.MX_GPIO_Init
                0x08000de8       0xa4 ./Core/Src/main.o
 .text.Error_Handler
                0x08000e8c        0xc ./Core/Src/main.o
                0x08000e8c                Error_Handler
 .text.HAL_MspInit
                0x08000e98       0x50 ./Core/Src/stm32f4xx_hal_msp.o
                0x08000e98                HAL_MspInit
 .text.HAL_TIM_Base_MspInit
                0x08000ee8       0xa8 ./Core/Src/stm32f4xx_hal_msp.o
                0x08000ee8                HAL_TIM_Base_MspInit
 .text.NMI_Handler
                0x08000f90        0x8 ./Core/Src/stm32f4xx_it.o
                0x08000f90                NMI_Handler
 .text.HardFault_Handler
                0x08000f98        0x8 ./Core/Src/stm32f4xx_it.o
                0x08000f98                HardFault_Handler
 .text.MemManage_Handler
                0x08000fa0        0x8 ./Core/Src/stm32f4xx_it.o
                0x08000fa0                MemManage_Handler
 .text.BusFault_Handler
                0x08000fa8        0x8 ./Core/Src/stm32f4xx_it.o
                0x08000fa8                BusFault_Handler
 .text.UsageFault_Handler
                0x08000fb0        0x8 ./Core/Src/stm32f4xx_it.o
                0x08000fb0                UsageFault_Handler
 .text.SVC_Handler
                0x08000fb8        0xe ./Core/Src/stm32f4xx_it.o
                0x08000fb8                SVC_Handler
 .text.DebugMon_Handler
                0x08000fc6        0xe ./Core/Src/stm32f4xx_it.o
                0x08000fc6                DebugMon_Handler
 .text.PendSV_Handler
                0x08000fd4        0xe ./Core/Src/stm32f4xx_it.o
                0x08000fd4                PendSV_Handler
 .text.SysTick_Handler
                0x08000fe2        0xc ./Core/Src/stm32f4xx_it.o
                0x08000fe2                SysTick_Handler
 *fill*         0x08000fee        0x2 
 .text.DMA2_Stream5_IRQHandler
                0x08000ff0       0x14 ./Core/Src/stm32f4xx_it.o
                0x08000ff0                DMA2_Stream5_IRQHandler
 .text.SystemInit
                0x08001004       0x24 ./Core/Src/system_stm32f4xx.o
                0x08001004                SystemInit
 .text.Reset_Handler
                0x08001028       0x50 ./Core/Startup/startup_stm32f407vgtx.o
                0x08001028                Reset_Handler
 .text.Default_Handler
                0x08001078        0x2 ./Core/Startup/startup_stm32f407vgtx.o
                0x08001078                RTC_Alarm_IRQHandler
                0x08001078                HASH_RNG_IRQHandler
                0x08001078                EXTI2_IRQHandler
                0x08001078                TIM8_CC_IRQHandler
                0x08001078                TIM1_CC_IRQHandler
                0x08001078                DMA1_Stream5_IRQHandler
                0x08001078                PVD_IRQHandler
                0x08001078                SDIO_IRQHandler
                0x08001078                TAMP_STAMP_IRQHandler
                0x08001078                CAN2_RX1_IRQHandler
                0x08001078                EXTI3_IRQHandler
                0x08001078                TIM8_TRG_COM_TIM14_IRQHandler
                0x08001078                TIM1_UP_TIM10_IRQHandler
                0x08001078                TIM8_UP_TIM13_IRQHandler
                0x08001078                I2C3_ER_IRQHandler
                0x08001078                EXTI0_IRQHandler
                0x08001078                I2C2_EV_IRQHandler
                0x08001078                DMA1_Stream2_IRQHandler
                0x08001078                CAN1_RX0_IRQHandler
                0x08001078                FPU_IRQHandler
                0x08001078                OTG_HS_WKUP_IRQHandler
                0x08001078                CAN2_SCE_IRQHandler
                0x08001078                DMA2_Stream2_IRQHandler
                0x08001078                SPI1_IRQHandler
                0x08001078                TIM6_DAC_IRQHandler
                0x08001078                TIM1_BRK_TIM9_IRQHandler
                0x08001078                DCMI_IRQHandler
                0x08001078                CAN2_RX0_IRQHandler
                0x08001078                DMA2_Stream3_IRQHandler
                0x08001078                USART6_IRQHandler
                0x08001078                USART3_IRQHandler
                0x08001078                CAN1_RX1_IRQHandler
                0x08001078                UART5_IRQHandler
                0x08001078                DMA2_Stream0_IRQHandler
                0x08001078                TIM4_IRQHandler
                0x08001078                I2C1_EV_IRQHandler
                0x08001078                DMA1_Stream6_IRQHandler
                0x08001078                DMA1_Stream1_IRQHandler
                0x08001078                UART4_IRQHandler
                0x08001078                TIM3_IRQHandler
                0x08001078                RCC_IRQHandler
                0x08001078                TIM8_BRK_TIM12_IRQHandler
                0x08001078                Default_Handler
                0x08001078                EXTI15_10_IRQHandler
                0x08001078                ADC_IRQHandler
                0x08001078                DMA1_Stream7_IRQHandler
                0x08001078                TIM7_IRQHandler
                0x08001078                CAN2_TX_IRQHandler
                0x08001078                TIM5_IRQHandler
                0x08001078                DMA2_Stream7_IRQHandler
                0x08001078                I2C3_EV_IRQHandler
                0x08001078                EXTI9_5_IRQHandler
                0x08001078                RTC_WKUP_IRQHandler
                0x08001078                ETH_WKUP_IRQHandler
                0x08001078                SPI2_IRQHandler
                0x08001078                OTG_HS_EP1_IN_IRQHandler
                0x08001078                DMA1_Stream0_IRQHandler
                0x08001078                CAN1_TX_IRQHandler
                0x08001078                EXTI4_IRQHandler
                0x08001078                FSMC_IRQHandler
                0x08001078                ETH_IRQHandler
                0x08001078                OTG_HS_EP1_OUT_IRQHandler
                0x08001078                WWDG_IRQHandler
                0x08001078                TIM2_IRQHandler
                0x08001078                OTG_FS_WKUP_IRQHandler
                0x08001078                TIM1_TRG_COM_TIM11_IRQHandler
                0x08001078                OTG_HS_IRQHandler
                0x08001078                EXTI1_IRQHandler
                0x08001078                USART2_IRQHandler
                0x08001078                I2C2_ER_IRQHandler
                0x08001078                DMA2_Stream1_IRQHandler
                0x08001078                CAN1_SCE_IRQHandler
                0x08001078                FLASH_IRQHandler
                0x08001078                DMA2_Stream4_IRQHandler
                0x08001078                USART1_IRQHandler
                0x08001078                OTG_FS_IRQHandler
                0x08001078                SPI3_IRQHandler
                0x08001078                DMA1_Stream4_IRQHandler
                0x08001078                I2C1_ER_IRQHandler
                0x08001078                DMA2_Stream6_IRQHandler
                0x08001078                DMA1_Stream3_IRQHandler
 *fill*         0x0800107a        0x2 
 .text.HAL_Init
                0x0800107c       0x44 ./Drivers/STM32F4xx_HAL_Driver/Src/stm32f4xx_hal.o
                0x0800107c                HAL_Init
 .text.HAL_InitTick
                0x080010c0       0x60 ./Drivers/STM32F4xx_HAL_Driver/Src/stm32f4xx_hal.o
                0x080010c0                HAL_InitTick
 .text.HAL_IncTick
                0x08001120       0x28 ./Drivers/STM32F4xx_HAL_Driver/Src/stm32f4xx_hal.o
                0x08001120                HAL_IncTick
 .text.HAL_GetTick
                0x08001148       0x18 ./Drivers/STM32F4xx_HAL_Driver/Src/stm32f4xx_hal.o
                0x08001148                HAL_GetTick
 .text.__NVIC_SetPriorityGrouping
                0x08001160       0x48 ./Drivers/STM32F4xx_HAL_Driver/Src/stm32f4xx_hal_cortex.o
 .text.__NVIC_GetPriorityGrouping
                0x080011a8       0x1c ./Drivers/STM32F4xx_HAL_Driver/Src/stm32f4xx_hal_cortex.o
 .text.__NVIC_EnableIRQ
                0x080011c4       0x3c ./Drivers/STM32F4xx_HAL_Driver/Src/stm32f4xx_hal_cortex.o
 .text.__NVIC_SetPriority
                0x08001200       0x54 ./Drivers/STM32F4xx_HAL_Driver/Src/stm32f4xx_hal_cortex.o
 .text.NVIC_EncodePriority
                0x08001254       0x66 ./Drivers/STM32F4xx_HAL_Driver/Src/stm32f4xx_hal_cortex.o
 *fill*         0x080012ba        0x2 
 .text.SysTick_Config
                0x080012bc       0x44 ./Drivers/STM32F4xx_HAL_Driver/Src/stm32f4xx_hal_cortex.o
 .text.HAL_NVIC_SetPriorityGrouping
                0x08001300       0x16 ./Drivers/STM32F4xx_HAL_Driver/Src/stm32f4xx_hal_cortex.o
                0x08001300                HAL_NVIC_SetPriorityGrouping
 .text.HAL_NVIC_SetPriority
                0x08001316       0x38 ./Drivers/STM32F4xx_HAL_Driver/Src/stm32f4xx_hal_cortex.o
                0x08001316                HAL_NVIC_SetPriority
 .text.HAL_NVIC_EnableIRQ
                0x0800134e       0x1c ./Drivers/STM32F4xx_HAL_Driver/Src/stm32f4xx_hal_cortex.o
                0x0800134e                HAL_NVIC_EnableIRQ
 .text.HAL_SYSTICK_Config
                0x0800136a       0x18 ./Drivers/STM32F4xx_HAL_Driver/Src/stm32f4xx_hal_cortex.o
                0x0800136a                HAL_SYSTICK_Config
 *fill*         0x08001382        0x2 
 .text.HAL_DMA_Init
                0x08001384      0x15c ./Drivers/STM32F4xx_HAL_Driver/Src/stm32f4xx_hal_dma.o
                0x08001384                HAL_DMA_Init
 .text.HAL_DMA_Start_IT
                0x080014e0       0xb0 ./Drivers/STM32F4xx_HAL_Driver/Src/stm32f4xx_hal_dma.o
                0x080014e0                HAL_DMA_Start_IT
 .text.HAL_DMA_IRQHandler
                0x08001590      0x314 ./Drivers/STM32F4xx_HAL_Driver/Src/stm32f4xx_hal_dma.o
                0x08001590                HAL_DMA_IRQHandler
 .text.DMA_SetConfig
                0x080018a4       0x5c ./Drivers/STM32F4xx_HAL_Driver/Src/stm32f4xx_hal_dma.o
 .text.DMA_CalcBaseAndBitshift
                0x08001900       0x6c ./Drivers/STM32F4xx_HAL_Driver/Src/stm32f4xx_hal_dma.o
 .text.DMA_CheckFifoParam
                0x0800196c       0xf8 ./Drivers/STM32F4xx_HAL_Driver/Src/stm32f4xx_hal_dma.o
 .text.HAL_GPIO_Init
                0x08001a64      0x338 ./Drivers/STM32F4xx_HAL_Driver/Src/stm32f4xx_hal_gpio.o
                0x08001a64                HAL_GPIO_Init
 .text.HAL_GPIO_WritePin
                0x08001d9c       0x32 ./Drivers/STM32F4xx_HAL_Driver/Src/stm32f4xx_hal_gpio.o
                0x08001d9c                HAL_GPIO_WritePin
 *fill*         0x08001dce        0x2 
 .text.HAL_RCC_OscConfig
                0x08001dd0      0x4f0 ./Drivers/STM32F4xx_HAL_Driver/Src/stm32f4xx_hal_rcc.o
                0x08001dd0                HAL_RCC_OscConfig
 .text.HAL_RCC_ClockConfig
                0x080022c0      0x1cc ./Drivers/STM32F4xx_HAL_Driver/Src/stm32f4xx_hal_rcc.o
                0x080022c0                HAL_RCC_ClockConfig
 .text.HAL_RCC_GetSysClockFreq
                0x0800248c      0x20c ./Drivers/STM32F4xx_HAL_Driver/Src/stm32f4xx_hal_rcc.o
                0x0800248c                HAL_RCC_GetSysClockFreq
 .text.HAL_TIM_Base_Init
                0x08002698       0x9e ./Drivers/STM32F4xx_HAL_Driver/Src/stm32f4xx_hal_tim.o
                0x08002698                HAL_TIM_Base_Init
 *fill*         0x08002736        0x2 
 .text.HAL_TIM_Base_Start
                0x08002738       0xd0 ./Drivers/STM32F4xx_HAL_Driver/Src/stm32f4xx_hal_tim.o
                0x08002738                HAL_TIM_Base_Start
 .text.HAL_TIM_Base_Stop
                0x08002808       0x4e ./Drivers/STM32F4xx_HAL_Driver/Src/stm32f4xx_hal_tim.o
                0x08002808                HAL_TIM_Base_Stop
 .text.HAL_TIM_OC_Init
                0x08002856       0x9e ./Drivers/STM32F4xx_HAL_Driver/Src/stm32f4xx_hal_tim.o
                0x08002856                HAL_TIM_OC_Init
 .text.HAL_TIM_OC_MspInit
                0x080028f4       0x14 ./Drivers/STM32F4xx_HAL_Driver/Src/stm32f4xx_hal_tim.o
                0x080028f4                HAL_TIM_OC_MspInit
 .text.HAL_TIM_OC_ConfigChannel
                0x08002908       0xb8 ./Drivers/STM32F4xx_HAL_Driver/Src/stm32f4xx_hal_tim.o
                0x08002908                HAL_TIM_OC_ConfigChannel
 .text.HAL_TIM_ConfigClockSource
                0x080029c0      0x18e ./Drivers/STM32F4xx_HAL_Driver/Src/stm32f4xx_hal_tim.o
                0x080029c0                HAL_TIM_ConfigClockSource
 *fill*         0x08002b4e        0x2 
 .text.TIM_Base_SetConfig
                0x08002b50      0x158 ./Drivers/STM32F4xx_HAL_Driver/Src/stm32f4xx_hal_tim.o
                0x08002b50                TIM_Base_SetConfig
 .text.TIM_OC1_SetConfig
                0x08002ca8       0xe0 ./Drivers/STM32F4xx_HAL_Driver/Src/stm32f4xx_hal_tim.o
 .text.TIM_OC2_SetConfig
                0x08002d88       0xec ./Drivers/STM32F4xx_HAL_Driver/Src/stm32f4xx_hal_tim.o
                0x08002d88                TIM_OC2_SetConfig
 .text.TIM_OC3_SetConfig
                0x08002e74       0xe8 ./Drivers/STM32F4xx_HAL_Driver/Src/stm32f4xx_hal_tim.o
 .text.TIM_OC4_SetConfig
                0x08002f5c       0xac ./Drivers/STM32F4xx_HAL_Driver/Src/stm32f4xx_hal_tim.o
 .text.TIM_TI1_ConfigInputStage
                0x08003008       0x5e ./Drivers/STM32F4xx_HAL_Driver/Src/stm32f4xx_hal_tim.o
 .text.TIM_TI2_ConfigInputStage
                0x08003066       0x60 ./Drivers/STM32F4xx_HAL_Driver/Src/stm32f4xx_hal_tim.o
 .text.TIM_ITRx_SetConfig
                0x080030c6       0x36 ./Drivers/STM32F4xx_HAL_Driver/Src/stm32f4xx_hal_tim.o
 .text.TIM_ETR_SetConfig
                0x080030fc       0x40 ./Drivers/STM32F4xx_HAL_Driver/Src/stm32f4xx_hal_tim.o
                0x080030fc                TIM_ETR_SetConfig
 .text.HAL_TIMEx_MasterConfigSynchronization
                0x0800313c       0xf8 ./Drivers/STM32F4xx_HAL_Driver/Src/stm32f4xx_hal_tim_ex.o
                0x0800313c                HAL_TIMEx_MasterConfigSynchronization
 .text.HAL_TIMEx_ConfigBreakDeadTime
                0x08003234       0xa4 ./Drivers/STM32F4xx_HAL_Driver/Src/stm32f4xx_hal_tim_ex.o
                0x08003234                HAL_TIMEx_ConfigBreakDeadTime
 .text.memset   0x080032d8       0x10 D:/embedded/STM32CubeIDE_1.16.0/STM32CubeIDE/plugins/com.st.stm32cube.ide.mcu.externaltools.gnu-tools-for-stm32.12.3.rel1.win32_1.0.200.202406191623/tools/bin/../lib/gcc/arm-none-eabi/12.3.1/../../../../arm-none-eabi/lib/thumb/v7e-m+fp/hard\libc_nano.a(libc_a-memset.o)
                0x080032d8                memset
 .text.__libc_init_array
                0x080032e8       0x48 D:/embedded/STM32CubeIDE_1.16.0/STM32CubeIDE/plugins/com.st.stm32cube.ide.mcu.externaltools.gnu-tools-for-stm32.12.3.rel1.win32_1.0.200.202406191623/tools/bin/../lib/gcc/arm-none-eabi/12.3.1/../../../../arm-none-eabi/lib/thumb/v7e-m+fp/hard\libc_nano.a(libc_a-init.o)
                0x080032e8                __libc_init_array
 *(.glue_7)
 .glue_7        0x08003330        0x0 linker stubs
 *(.glue_7t)
 .glue_7t       0x08003330        0x0 linker stubs
 *(.eh_frame)
 .eh_frame      0x08003330        0x0 D:/embedded/STM32CubeIDE_1.16.0/STM32CubeIDE/plugins/com.st.stm32cube.ide.mcu.externaltools.gnu-tools-for-stm32.12.3.rel1.win32_1.0.200.202406191623/tools/bin/../lib/gcc/arm-none-eabi/12.3.1/thumb/v7e-m+fp/hard/crtbegin.o
 *(.init)
 .init          0x08003330        0x4 D:/embedded/STM32CubeIDE_1.16.0/STM32CubeIDE/plugins/com.st.stm32cube.ide.mcu.externaltools.gnu-tools-for-stm32.12.3.rel1.win32_1.0.200.202406191623/tools/bin/../lib/gcc/arm-none-eabi/12.3.1/thumb/v7e-m+fp/hard/crti.o
                0x08003330                _init
 .init          0x08003334        0x8 D:/embedded/STM32CubeIDE_1.16.0/STM32CubeIDE/plugins/com.st.stm32cube.ide.mcu.externaltools.gnu-tools-for-stm32.12.3.rel1.win32_1.0.200.202406191623/tools/bin/../lib/gcc/arm-none-eabi/12.3.1/thumb/v7e-m+fp/hard/crtn.o
 *(.fini)
 .fini          0x0800333c        0x4 D:/embedded/STM32CubeIDE_1.16.0/STM32CubeIDE/plugins/com.st.stm32cube.ide.mcu.externaltools.gnu-tools-for-stm32.12.3.rel1.win32_1.0.200.202406191623/tools/bin/../lib/gcc/arm-none-eabi/12.3.1/thumb/v7e-m+fp/hard/crti.o
                0x0800333c                _fini
 .fini          0x08003340        0x8 D:/embedded/STM32CubeIDE_1.16.0/STM32CubeIDE/plugins/com.st.stm32cube.ide.mcu.externaltools.gnu-tools-for-stm32.12.3.rel1.win32_1.0.200.202406191623/tools/bin/../lib/gcc/arm-none-eabi/12.3.1/thumb/v7e-m+fp/hard/crtn.o
                0x08003348                        . = ALIGN (0x4)
                0x08003348                        _etext = .

.vfp11_veneer   0x08003348        0x0
 .vfp11_veneer  0x08003348        0x0 linker stubs

.v4_bx          0x08003348        0x0
 .v4_bx         0x08003348        0x0 linker stubs

.iplt           0x08003348        0x0
 .iplt          0x08003348        0x0 D:/embedded/STM32CubeIDE_1.16.0/STM32CubeIDE/plugins/com.st.stm32cube.ide.mcu.externaltools.gnu-tools-for-stm32.12.3.rel1.win32_1.0.200.202406191623/tools/bin/../lib/gcc/arm-none-eabi/12.3.1/thumb/v7e-m+fp/hard/crtbegin.o

.rodata         0x08003348       0x98
                0x08003348                        . = ALIGN (0x4)
 *(.rodata)
 *(.rodata*)
 .rodata.GCR_table.0
                0x08003348       0x80 ./Core/Src/DshotBitbang.o
 .rodata.AHBPrescTable
                0x080033c8       0x10 ./Core/Src/system_stm32f4xx.o
                0x080033c8                AHBPrescTable
 .rodata.flagBitshiftOffset.0
                0x080033d8        0x8 ./Drivers/STM32F4xx_HAL_Driver/Src/stm32f4xx_hal_dma.o
                0x080033e0                        . = ALIGN (0x4)

.ARM.extab      0x080033e0        0x0
                0x080033e0                        . = ALIGN (0x4)
 *(.ARM.extab* .gnu.linkonce.armextab.*)
                0x080033e0                        . = ALIGN (0x4)

.ARM            0x080033e0        0x8
                0x080033e0                        . = ALIGN (0x4)
                0x080033e0                        __exidx_start = .
 *(.ARM.exidx*)
 .ARM.exidx     0x080033e0        0x8 D:/embedded/STM32CubeIDE_1.16.0/STM32CubeIDE/plugins/com.st.stm32cube.ide.mcu.externaltools.gnu-tools-for-stm32.12.3.rel1.win32_1.0.200.202406191623/tools/bin/../lib/gcc/arm-none-eabi/12.3.1/thumb/v7e-m+fp/hard\libgcc.a(_udivmoddi4.o)
                0x080033e8                        __exidx_end = .
                0x080033e8                        . = ALIGN (0x4)

.preinit_array  0x080033e8        0x0
                0x080033e8                        . = ALIGN (0x4)
                0x080033e8                        PROVIDE (__preinit_array_start = .)
 *(.preinit_array*)
                0x080033e8                        PROVIDE (__preinit_array_end = .)
                0x080033e8                        . = ALIGN (0x4)

.init_array     0x080033e8        0x4
                0x080033e8                        . = ALIGN (0x4)
                0x080033e8                        PROVIDE (__init_array_start = .)
 *(SORT_BY_NAME(.init_array.*))
 *(.init_array*)
 .init_array    0x080033e8        0x4 D:/embedded/STM32CubeIDE_1.16.0/STM32CubeIDE/plugins/com.st.stm32cube.ide.mcu.externaltools.gnu-tools-for-stm32.12.3.rel1.win32_1.0.200.202406191623/tools/bin/../lib/gcc/arm-none-eabi/12.3.1/thumb/v7e-m+fp/hard/crtbegin.o
                0x080033ec                        PROVIDE (__init_array_end = .)
                0x080033ec                        . = ALIGN (0x4)

.fini_array     0x080033ec        0x4
                0x080033ec                        . = ALIGN (0x4)
                [!provide]                        PROVIDE (__fini_array_start = .)
 *(SORT_BY_NAME(.fini_array.*))
 *(.fini_array*)
 .fini_array    0x080033ec        0x4 D:/embedded/STM32CubeIDE_1.16.0/STM32CubeIDE/plugins/com.st.stm32cube.ide.mcu.externaltools.gnu-tools-for-stm32.12.3.rel1.win32_1.0.200.202406191623/tools/bin/../lib/gcc/arm-none-eabi/12.3.1/thumb/v7e-m+fp/hard/crtbegin.o
                [!provide]                        PROVIDE (__fini_array_end = .)
                0x080033f0                        . = ALIGN (0x4)
                0x080033f0                        _sidata = LOADADDR (.data)

.rel.dyn        0x080033f0        0x0
 .rel.iplt      0x080033f0        0x0 D:/embedded/STM32CubeIDE_1.16.0/STM32CubeIDE/plugins/com.st.stm32cube.ide.mcu.externaltools.gnu-tools-for-stm32.12.3.rel1.win32_1.0.200.202406191623/tools/bin/../lib/gcc/arm-none-eabi/12.3.1/thumb/v7e-m+fp/hard/crtbegin.o

.data           0x20000000        0xc load address 0x080033f0
                0x20000000                        . = ALIGN (0x4)
                0x20000000                        _sdata = .
 *(.data)
 *(.data*)
 .data.SystemCoreClock
                0x20000000        0x4 ./Core/Src/system_stm32f4xx.o
                0x20000000                SystemCoreClock
 .data.uwTickPrio
                0x20000004        0x4 ./Drivers/STM32F4xx_HAL_Driver/Src/stm32f4xx_hal.o
                0x20000004                uwTickPrio
 .data.uwTickFreq
                0x20000008        0x1 ./Drivers/STM32F4xx_HAL_Driver/Src/stm32f4xx_hal.o
                0x20000008                uwTickFreq
 *(.RamFunc)
 *(.RamFunc*)
                0x2000000c                        . = ALIGN (0x4)
 *fill*         0x20000009        0x3 
                0x2000000c                        _edata = .
                0x080033fc                        _siccmram = LOADADDR (.ccmram)

.igot.plt       0x2000000c        0x0 load address 0x080033fc
 .igot.plt      0x2000000c        0x0 D:/embedded/STM32CubeIDE_1.16.0/STM32CubeIDE/plugins/com.st.stm32cube.ide.mcu.externaltools.gnu-tools-for-stm32.12.3.rel1.win32_1.0.200.202406191623/tools/bin/../lib/gcc/arm-none-eabi/12.3.1/thumb/v7e-m+fp/hard/crtbegin.o

.ccmram         0x10000000        0x0 load address 0x080033fc
                0x10000000                        . = ALIGN (0x4)
                0x10000000                        _sccmram = .
 *(.ccmram)
 *(.ccmram*)
                0x10000000                        . = ALIGN (0x4)
                0x10000000                        _eccmram = .
                0x10000000                        . = ALIGN (0x4)

.bss            0x2000000c      0x630
                0x2000000c                        _sbss = .
                0x2000000c                        __bss_start__ = _sbss
 *(.bss)
 .bss           0x2000000c       0x1c D:/embedded/STM32CubeIDE_1.16.0/STM32CubeIDE/plugins/com.st.stm32cube.ide.mcu.externaltools.gnu-tools-for-stm32.12.3.rel1.win32_1.0.200.202406191623/tools/bin/../lib/gcc/arm-none-eabi/12.3.1/thumb/v7e-m+fp/hard/crtbegin.o
 *(.bss*)
 .bss.value     0x20000028        0x4 ./Core/Src/main.o
                0x20000028                value
 .bss.rpm       0x2000002c        0x2 ./Core/Src/main.o
                0x2000002c                rpm
 .bss.appState  0x2000002e        0x1 ./Core/Src/main.o
                0x2000002e                appState
 *fill*         0x2000002f        0x1 
 .bss.htim1     0x20000030       0x48 ./Core/Src/main.o
                0x20000030                htim1
 .bss.hdma_tim1_up
                0x20000078       0x60 ./Core/Src/main.o
                0x20000078                hdma_tim1_up
 .bss.DMA_Buffer
                0x200000d8      0x240 ./Core/Src/main.o
                0x200000d8                DMA_Buffer
 .bss.RX_Buffer
                0x20000318      0x320 ./Core/Src/main.o
                0x20000318                RX_Buffer
 .bss.uwTick    0x20000638        0x4 ./Drivers/STM32F4xx_HAL_Driver/Src/stm32f4xx_hal.o
                0x20000638                uwTick
 *(COMMON)
                0x2000063c                        . = ALIGN (0x4)
                0x2000063c                        _ebss = .
                0x2000063c                        __bss_end__ = _ebss

._user_heap_stack
                0x2000063c      0x604
                0x20000640                        . = ALIGN (0x8)
 *fill*         0x2000063c        0x4 
                [!provide]                        PROVIDE (end = .)
                0x20000640                        PROVIDE (_end = .)
                0x20000840                        . = (. + _Min_Heap_Size)
 *fill*         0x20000640      0x200 
                0x20000c40                        . = (. + _Min_Stack_Size)
 *fill*         0x20000840      0x400 
                0x20000c40                        . = ALIGN (0x8)

/DISCARD/
 libc.a(*)
 libm.a(*)
 libgcc.a(*)

.ARM.attributes
                0x00000000       0x30
 *(.ARM.attributes)
 .ARM.attributes
                0x00000000       0x22 D:/embedded/STM32CubeIDE_1.16.0/STM32CubeIDE/plugins/com.st.stm32cube.ide.mcu.externaltools.gnu-tools-for-stm32.12.3.rel1.win32_1.0.200.202406191623/tools/bin/../lib/gcc/arm-none-eabi/12.3.1/thumb/v7e-m+fp/hard/crti.o
 .ARM.attributes
                0x00000022       0x34 D:/embedded/STM32CubeIDE_1.16.0/STM32CubeIDE/plugins/com.st.stm32cube.ide.mcu.externaltools.gnu-tools-for-stm32.12.3.rel1.win32_1.0.200.202406191623/tools/bin/../lib/gcc/arm-none-eabi/12.3.1/thumb/v7e-m+fp/hard/crtbegin.o
 .ARM.attributes
                0x00000056       0x34 ./Core/Src/DshotBitbang.o
 .ARM.attributes
                0x0000008a       0x34 ./Core/Src/main.o
 .ARM.attributes
                0x000000be       0x34 ./Core/Src/stm32f4xx_hal_msp.o
 .ARM.attributes
                0x000000f2       0x34 ./Core/Src/stm32f4xx_it.o
 .ARM.attributes
                0x00000126       0x34 ./Core/Src/system_stm32f4xx.o
 .ARM.attributes
                0x0000015a       0x21 ./Core/Startup/startup_stm32f407vgtx.o
 .ARM.attributes
                0x0000017b       0x34 ./Drivers/STM32F4xx_HAL_Driver/Src/stm32f4xx_hal.o
 .ARM.attributes
                0x000001af       0x34 ./Drivers/STM32F4xx_HAL_Driver/Src/stm32f4xx_hal_cortex.o
 .ARM.attributes
                0x000001e3       0x34 ./Drivers/STM32F4xx_HAL_Driver/Src/stm32f4xx_hal_dma.o
 .ARM.attributes
                0x00000217       0x34 ./Drivers/STM32F4xx_HAL_Driver/Src/stm32f4xx_hal_gpio.o
 .ARM.attributes
                0x0000024b       0x34 ./Drivers/STM32F4xx_HAL_Driver/Src/stm32f4xx_hal_rcc.o
 .ARM.attributes
                0x0000027f       0x34 ./Drivers/STM32F4xx_HAL_Driver/Src/stm32f4xx_hal_tim.o
 .ARM.attributes
                0x000002b3       0x34 ./Drivers/STM32F4xx_HAL_Driver/Src/stm32f4xx_hal_tim_ex.o
 .ARM.attributes
                0x000002e7       0x34 D:/embedded/STM32CubeIDE_1.16.0/STM32CubeIDE/plugins/com.st.stm32cube.ide.mcu.externaltools.gnu-tools-for-stm32.12.3.rel1.win32_1.0.200.202406191623/tools/bin/../lib/gcc/arm-none-eabi/12.3.1/../../../../arm-none-eabi/lib/thumb/v7e-m+fp/hard\libc_nano.a(libc_a-memset.o)
 .ARM.attributes
                0x0000031b       0x34 D:/embedded/STM32CubeIDE_1.16.0/STM32CubeIDE/plugins/com.st.stm32cube.ide.mcu.externaltools.gnu-tools-for-stm32.12.3.rel1.win32_1.0.200.202406191623/tools/bin/../lib/gcc/arm-none-eabi/12.3.1/../../../../arm-none-eabi/lib/thumb/v7e-m+fp/hard\libc_nano.a(libc_a-init.o)
 .ARM.attributes
                0x0000034f       0x22 D:/embedded/STM32CubeIDE_1.16.0/STM32CubeIDE/plugins/com.st.stm32cube.ide.mcu.externaltools.gnu-tools-for-stm32.12.3.rel1.win32_1.0.200.202406191623/tools/bin/../lib/gcc/arm-none-eabi/12.3.1/thumb/v7e-m+fp/hard\libgcc.a(_aeabi_uldivmod.o)
 .ARM.attributes
                0x00000371       0x34 D:/embedded/STM32CubeIDE_1.16.0/STM32CubeIDE/plugins/com.st.stm32cube.ide.mcu.externaltools.gnu-tools-for-stm32.12.3.rel1.win32_1.0.200.202406191623/tools/bin/../lib/gcc/arm-none-eabi/12.3.1/thumb/v7e-m+fp/hard\libgcc.a(_udivmoddi4.o)
 .ARM.attributes
                0x000003a5       0x22 D:/embedded/STM32CubeIDE_1.16.0/STM32CubeIDE/plugins/com.st.stm32cube.ide.mcu.externaltools.gnu-tools-for-stm32.12.3.rel1.win32_1.0.200.202406191623/tools/bin/../lib/gcc/arm-none-eabi/12.3.1/thumb/v7e-m+fp/hard\libgcc.a(_dvmd_tls.o)
 .ARM.attributes
                0x000003c7       0x22 D:/embedded/STM32CubeIDE_1.16.0/STM32CubeIDE/plugins/com.st.stm32cube.ide.mcu.externaltools.gnu-tools-for-stm32.12.3.rel1.win32_1.0.200.202406191623/tools/bin/../lib/gcc/arm-none-eabi/12.3.1/thumb/v7e-m+fp/hard/crtn.o
OUTPUT(Dshot_BitbangImplementation.elf elf32-littlearm)
LOAD linker stubs
LOAD D:/embedded/STM32CubeIDE_1.16.0/STM32CubeIDE/plugins/com.st.stm32cube.ide.mcu.externaltools.gnu-tools-for-stm32.12.3.rel1.win32_1.0.200.202406191623/tools/bin/../lib/gcc/arm-none-eabi/12.3.1/../../../../arm-none-eabi/lib/thumb/v7e-m+fp/hard\libc.a
LOAD D:/embedded/STM32CubeIDE_1.16.0/STM32CubeIDE/plugins/com.st.stm32cube.ide.mcu.externaltools.gnu-tools-for-stm32.12.3.rel1.win32_1.0.200.202406191623/tools/bin/../lib/gcc/arm-none-eabi/12.3.1/../../../../arm-none-eabi/lib/thumb/v7e-m+fp/hard\libm.a
LOAD D:/embedded/STM32CubeIDE_1.16.0/STM32CubeIDE/plugins/com.st.stm32cube.ide.mcu.externaltools.gnu-tools-for-stm32.12.3.rel1.win32_1.0.200.202406191623/tools/bin/../lib/gcc/arm-none-eabi/12.3.1/thumb/v7e-m+fp/hard\libgcc.a

.debug_info     0x00000000     0x9bd6
 .debug_info    0x00000000      0x8c7 ./Core/Src/DshotBitbang.o
 .debug_info    0x000008c7     0x1368 ./Core/Src/main.o
 .debug_info    0x00001c2f      0x91b ./Core/Src/stm32f4xx_hal_msp.o
 .debug_info    0x0000254a      0x3a9 ./Core/Src/stm32f4xx_it.o
 .debug_info    0x000028f3      0x512 ./Core/Src/system_stm32f4xx.o
 .debug_info    0x00002e05       0x30 ./Core/Startup/startup_stm32f407vgtx.o
 .debug_info    0x00002e35      0x944 ./Drivers/STM32F4xx_HAL_Driver/Src/stm32f4xx_hal.o
 .debug_info    0x00003779      0xd8c ./Drivers/STM32F4xx_HAL_Driver/Src/stm32f4xx_hal_cortex.o
 .debug_info    0x00004505      0x8e7 ./Drivers/STM32F4xx_HAL_Driver/Src/stm32f4xx_hal_dma.o
 .debug_info    0x00004dec      0x6c3 ./Drivers/STM32F4xx_HAL_Driver/Src/stm32f4xx_hal_gpio.o
 .debug_info    0x000054af      0x8af ./Drivers/STM32F4xx_HAL_Driver/Src/stm32f4xx_hal_rcc.o
 .debug_info    0x00005d5e     0x299d ./Drivers/STM32F4xx_HAL_Driver/Src/stm32f4xx_hal_tim.o
 .debug_info    0x000086fb     0x14db ./Drivers/STM32F4xx_HAL_Driver/Src/stm32f4xx_hal_tim_ex.o

.debug_abbrev   0x00000000     0x1abf
 .debug_abbrev  0x00000000      0x229 ./Core/Src/DshotBitbang.o
 .debug_abbrev  0x00000229      0x2f1 ./Core/Src/main.o
 .debug_abbrev  0x0000051a      0x1e3 ./Core/Src/stm32f4xx_hal_msp.o
 .debug_abbrev  0x000006fd      0x169 ./Core/Src/stm32f4xx_it.o
 .debug_abbrev  0x00000866      0x11a ./Core/Src/system_stm32f4xx.o
 .debug_abbrev  0x00000980       0x24 ./Core/Startup/startup_stm32f407vgtx.o
 .debug_abbrev  0x000009a4      0x214 ./Drivers/STM32F4xx_HAL_Driver/Src/stm32f4xx_hal.o
 .debug_abbrev  0x00000bb8      0x31d ./Drivers/STM32F4xx_HAL_Driver/Src/stm32f4xx_hal_cortex.o
 .debug_abbrev  0x00000ed5      0x264 ./Drivers/STM32F4xx_HAL_Driver/Src/stm32f4xx_hal_dma.o
 .debug_abbrev  0x00001139      0x1d4 ./Drivers/STM32F4xx_HAL_Driver/Src/stm32f4xx_hal_gpio.o
 .debug_abbrev  0x0000130d      0x2b7 ./Drivers/STM32F4xx_HAL_Driver/Src/stm32f4xx_hal_rcc.o
 .debug_abbrev  0x000015c4      0x278 ./Drivers/STM32F4xx_HAL_Driver/Src/stm32f4xx_hal_tim.o
 .debug_abbrev  0x0000183c      0x283 ./Drivers/STM32F4xx_HAL_Driver/Src/stm32f4xx_hal_tim_ex.o

.debug_aranges  0x00000000      0xa58
 .debug_aranges
                0x00000000       0x58 ./Core/Src/DshotBitbang.o
 .debug_aranges
                0x00000058       0x50 ./Core/Src/main.o
 .debug_aranges
                0x000000a8       0x30 ./Core/Src/stm32f4xx_hal_msp.o
 .debug_aranges
                0x000000d8       0x68 ./Core/Src/stm32f4xx_it.o
 .debug_aranges
                0x00000140       0x28 ./Core/Src/system_stm32f4xx.o
 .debug_aranges
                0x00000168       0x28 ./Core/Startup/startup_stm32f407vgtx.o
 .debug_aranges
                0x00000190       0xf0 ./Drivers/STM32F4xx_HAL_Driver/Src/stm32f4xx_hal.o
 .debug_aranges
                0x00000280      0x130 ./Drivers/STM32F4xx_HAL_Driver/Src/stm32f4xx_hal_cortex.o
 .debug_aranges
                0x000003b0       0x90 ./Drivers/STM32F4xx_HAL_Driver/Src/stm32f4xx_hal_dma.o
 .debug_aranges
                0x00000440       0x58 ./Drivers/STM32F4xx_HAL_Driver/Src/stm32f4xx_hal_gpio.o
 .debug_aranges
                0x00000498       0x88 ./Drivers/STM32F4xx_HAL_Driver/Src/stm32f4xx_hal_rcc.o
 .debug_aranges
                0x00000520      0x3d0 ./Drivers/STM32F4xx_HAL_Driver/Src/stm32f4xx_hal_tim.o
 .debug_aranges
                0x000008f0      0x168 ./Drivers/STM32F4xx_HAL_Driver/Src/stm32f4xx_hal_tim_ex.o

.debug_rnglists
                0x00000000      0x7f9
 .debug_rnglists
                0x00000000       0x3f ./Core/Src/DshotBitbang.o
 .debug_rnglists
                0x0000003f       0x3b ./Core/Src/main.o
 .debug_rnglists
                0x0000007a       0x20 ./Core/Src/stm32f4xx_hal_msp.o
 .debug_rnglists
                0x0000009a       0x49 ./Core/Src/stm32f4xx_it.o
 .debug_rnglists
                0x000000e3       0x1a ./Core/Src/system_stm32f4xx.o
 .debug_rnglists
                0x000000fd       0x19 ./Core/Startup/startup_stm32f407vgtx.o
 .debug_rnglists
                0x00000116       0xaf ./Drivers/STM32F4xx_HAL_Driver/Src/stm32f4xx_hal.o
 .debug_rnglists
                0x000001c5       0xe0 ./Drivers/STM32F4xx_HAL_Driver/Src/stm32f4xx_hal_cortex.o
 .debug_rnglists
                0x000002a5       0x70 ./Drivers/STM32F4xx_HAL_Driver/Src/stm32f4xx_hal_dma.o
 .debug_rnglists
                0x00000315       0x3f ./Drivers/STM32F4xx_HAL_Driver/Src/stm32f4xx_hal_gpio.o
 .debug_rnglists
                0x00000354       0x66 ./Drivers/STM32F4xx_HAL_Driver/Src/stm32f4xx_hal_rcc.o
 .debug_rnglists
                0x000003ba      0x31a ./Drivers/STM32F4xx_HAL_Driver/Src/stm32f4xx_hal_tim.o
 .debug_rnglists
                0x000006d4      0x125 ./Drivers/STM32F4xx_HAL_Driver/Src/stm32f4xx_hal_tim_ex.o

.debug_macro    0x00000000    0x1ffa7
 .debug_macro   0x00000000      0x1df ./Core/Src/DshotBitbang.o
 .debug_macro   0x000001df      0xab4 ./Core/Src/DshotBitbang.o
 .debug_macro   0x00000c93      0x295 ./Core/Src/DshotBitbang.o
 .debug_macro   0x00000f28       0x2e ./Core/Src/DshotBitbang.o
 .debug_macro   0x00000f56       0x2f ./Core/Src/DshotBitbang.o
 .debug_macro   0x00000f85       0x22 ./Core/Src/DshotBitbang.o
 .debug_macro   0x00000fa7       0x8e ./Core/Src/DshotBitbang.o
 .debug_macro   0x00001035       0x51 ./Core/Src/DshotBitbang.o
 .debug_macro   0x00001086      0x103 ./Core/Src/DshotBitbang.o
 .debug_macro   0x00001189       0x6a ./Core/Src/DshotBitbang.o
 .debug_macro   0x000011f3      0x1df ./Core/Src/DshotBitbang.o
 .debug_macro   0x000013d2       0x1c ./Core/Src/DshotBitbang.o
 .debug_macro   0x000013ee       0x22 ./Core/Src/DshotBitbang.o
 .debug_macro   0x00001410       0xfb ./Core/Src/DshotBitbang.o
 .debug_macro   0x0000150b     0x1011 ./Core/Src/DshotBitbang.o
 .debug_macro   0x0000251c      0x11f ./Core/Src/DshotBitbang.o
 .debug_macro   0x0000263b    0x15e97 ./Core/Src/DshotBitbang.o
 .debug_macro   0x000184d2       0x6d ./Core/Src/DshotBitbang.o
 .debug_macro   0x0001853f     0x369a ./Core/Src/DshotBitbang.o
 .debug_macro   0x0001bbd9      0x189 ./Core/Src/DshotBitbang.o
 .debug_macro   0x0001bd62       0x5c ./Core/Src/DshotBitbang.o
 .debug_macro   0x0001bdbe      0x980 ./Core/Src/DshotBitbang.o
 .debug_macro   0x0001c73e      0x9e9 ./Core/Src/DshotBitbang.o
 .debug_macro   0x0001d127      0x115 ./Core/Src/DshotBitbang.o
 .debug_macro   0x0001d23c      0x13e ./Core/Src/DshotBitbang.o
 .debug_macro   0x0001d37a       0xa5 ./Core/Src/DshotBitbang.o
 .debug_macro   0x0001d41f      0x174 ./Core/Src/DshotBitbang.o
 .debug_macro   0x0001d593      0x287 ./Core/Src/DshotBitbang.o
 .debug_macro   0x0001d81a       0x5f ./Core/Src/DshotBitbang.o
 .debug_macro   0x0001d879      0x236 ./Core/Src/DshotBitbang.o
 .debug_macro   0x0001daaf      0x12c ./Core/Src/DshotBitbang.o
 .debug_macro   0x0001dbdb      0x21e ./Core/Src/DshotBitbang.o
 .debug_macro   0x0001ddf9       0x2e ./Core/Src/DshotBitbang.o
 .debug_macro   0x0001de27      0x127 ./Core/Src/DshotBitbang.o
 .debug_macro   0x0001df4e       0x7e ./Core/Src/DshotBitbang.o
 .debug_macro   0x0001dfcc       0x89 ./Core/Src/DshotBitbang.o
 .debug_macro   0x0001e055      0x8ed ./Core/Src/DshotBitbang.o
 .debug_macro   0x0001e942       0x4d ./Core/Src/DshotBitbang.o
 .debug_macro   0x0001e98f      0x12d ./Core/Src/DshotBitbang.o
 .debug_macro   0x0001eabc       0x4c ./Core/Src/DshotBitbang.o
 .debug_macro   0x0001eb08      0x1dc ./Core/Src/main.o
 .debug_macro   0x0001ece4       0x10 ./Core/Src/main.o
 .debug_macro   0x0001ecf4       0x52 ./Core/Src/main.o
 .debug_macro   0x0001ed46      0x1d3 ./Core/Src/stm32f4xx_hal_msp.o
 .debug_macro   0x0001ef19      0x1dd ./Core/Src/stm32f4xx_it.o
 .debug_macro   0x0001f0f6      0x1c4 ./Core/Src/system_stm32f4xx.o
 .debug_macro   0x0001f2ba      0x224 ./Drivers/STM32F4xx_HAL_Driver/Src/stm32f4xx_hal.o
 .debug_macro   0x0001f4de      0x1c4 ./Drivers/STM32F4xx_HAL_Driver/Src/stm32f4xx_hal_cortex.o
 .debug_macro   0x0001f6a2      0x1ca ./Drivers/STM32F4xx_HAL_Driver/Src/stm32f4xx_hal_dma.o
 .debug_macro   0x0001f86c      0x1ca ./Drivers/STM32F4xx_HAL_Driver/Src/stm32f4xx_hal_gpio.o
 .debug_macro   0x0001fa36      0x1e8 ./Drivers/STM32F4xx_HAL_Driver/Src/stm32f4xx_hal_rcc.o
 .debug_macro   0x0001fc1e      0x1c5 ./Drivers/STM32F4xx_HAL_Driver/Src/stm32f4xx_hal_tim.o
 .debug_macro   0x0001fde3      0x1c4 ./Drivers/STM32F4xx_HAL_Driver/Src/stm32f4xx_hal_tim_ex.o

.debug_line     0x00000000     0xbcf1
 .debug_line    0x00000000      0xaaa ./Core/Src/DshotBitbang.o
 .debug_line    0x00000aaa      0x94b ./Core/Src/main.o
 .debug_line    0x000013f5      0x77f ./Core/Src/stm32f4xx_hal_msp.o
 .debug_line    0x00001b74      0x7f9 ./Core/Src/stm32f4xx_it.o
 .debug_line    0x0000236d      0x7a3 ./Core/Src/system_stm32f4xx.o
 .debug_line    0x00002b10       0x7a ./Core/Startup/startup_stm32f407vgtx.o
 .debug_line    0x00002b8a      0xa0c ./Drivers/STM32F4xx_HAL_Driver/Src/stm32f4xx_hal.o
 .debug_line    0x00003596      0xcfe ./Drivers/STM32F4xx_HAL_Driver/Src/stm32f4xx_hal_cortex.o
 .debug_line    0x00004294      0xf7c ./Drivers/STM32F4xx_HAL_Driver/Src/stm32f4xx_hal_dma.o
 .debug_line    0x00005210      0xb98 ./Drivers/STM32F4xx_HAL_Driver/Src/stm32f4xx_hal_gpio.o
 .debug_line    0x00005da8      0xd97 ./Drivers/STM32F4xx_HAL_Driver/Src/stm32f4xx_hal_rcc.o
 .debug_line    0x00006b3f     0x37b0 ./Drivers/STM32F4xx_HAL_Driver/Src/stm32f4xx_hal_tim.o
 .debug_line    0x0000a2ef     0x1a02 ./Drivers/STM32F4xx_HAL_Driver/Src/stm32f4xx_hal_tim_ex.o

.debug_str      0x00000000    0xc5407
 .debug_str     0x00000000    0xc24dc ./Core/Src/DshotBitbang.o
                              0xc2802 (size before relaxing)
 .debug_str     0x000c24dc      0xb86 ./Core/Src/main.o
                              0xc32b3 (size before relaxing)
 .debug_str     0x000c3062       0x8e ./Core/Src/stm32f4xx_hal_msp.o
                              0xc269e (size before relaxing)
 .debug_str     0x000c30f0       0xf4 ./Core/Src/stm32f4xx_it.o
                              0xc22c5 (size before relaxing)
 .debug_str     0x000c31e4       0xdb ./Core/Src/system_stm32f4xx.o
                              0xc2138 (size before relaxing)
 .debug_str     0x000c32bf       0x44 ./Core/Startup/startup_stm32f407vgtx.o
                                 0x96 (size before relaxing)
 .debug_str     0x000c3303      0x5fa ./Drivers/STM32F4xx_HAL_Driver/Src/stm32f4xx_hal.o
                              0xc2cbc (size before relaxing)
 .debug_str     0x000c38fd      0x384 ./Drivers/STM32F4xx_HAL_Driver/Src/stm32f4xx_hal_cortex.o
                              0xc2a38 (size before relaxing)
 .debug_str     0x000c3c81      0x2eb ./Drivers/STM32F4xx_HAL_Driver/Src/stm32f4xx_hal_dma.o
                              0xc2552 (size before relaxing)
 .debug_str     0x000c3f6c      0x131 ./Drivers/STM32F4xx_HAL_Driver/Src/stm32f4xx_hal_gpio.o
                              0xc22b3 (size before relaxing)
 .debug_str     0x000c409d      0x233 ./Drivers/STM32F4xx_HAL_Driver/Src/stm32f4xx_hal_rcc.o
                              0xc256c (size before relaxing)
 .debug_str     0x000c42d0      0xd56 ./Drivers/STM32F4xx_HAL_Driver/Src/stm32f4xx_hal_tim.o
                              0xc34c2 (size before relaxing)
 .debug_str     0x000c5026      0x3e1 ./Drivers/STM32F4xx_HAL_Driver/Src/stm32f4xx_hal_tim_ex.o
                              0xc2cce (size before relaxing)

.comment        0x00000000       0x43
 .comment       0x00000000       0x43 ./Core/Src/DshotBitbang.o
                                 0x44 (size before relaxing)
 .comment       0x00000043       0x44 ./Core/Src/main.o
 .comment       0x00000043       0x44 ./Core/Src/stm32f4xx_hal_msp.o
 .comment       0x00000043       0x44 ./Core/Src/stm32f4xx_it.o
 .comment       0x00000043       0x44 ./Core/Src/system_stm32f4xx.o
 .comment       0x00000043       0x44 ./Drivers/STM32F4xx_HAL_Driver/Src/stm32f4xx_hal.o
 .comment       0x00000043       0x44 ./Drivers/STM32F4xx_HAL_Driver/Src/stm32f4xx_hal_cortex.o
 .comment       0x00000043       0x44 ./Drivers/STM32F4xx_HAL_Driver/Src/stm32f4xx_hal_dma.o
 .comment       0x00000043       0x44 ./Drivers/STM32F4xx_HAL_Driver/Src/stm32f4xx_hal_gpio.o
 .comment       0x00000043       0x44 ./Drivers/STM32F4xx_HAL_Driver/Src/stm32f4xx_hal_rcc.o
 .comment       0x00000043       0x44 ./Drivers/STM32F4xx_HAL_Driver/Src/stm32f4xx_hal_tim.o
 .comment       0x00000043       0x44 ./Drivers/STM32F4xx_HAL_Driver/Src/stm32f4xx_hal_tim_ex.o

.debug_frame    0x00000000     0x2ae0
 .debug_frame   0x00000000      0x140 ./Core/Src/DshotBitbang.o
 .debug_frame   0x00000140       0xfc ./Core/Src/main.o
 .debug_frame   0x0000023c       0x7c ./Core/Src/stm32f4xx_hal_msp.o
 .debug_frame   0x000002b8      0x120 ./Core/Src/stm32f4xx_it.o
 .debug_frame   0x000003d8       0x58 ./Core/Src/system_stm32f4xx.o
 .debug_frame   0x00000430      0x374 ./Drivers/STM32F4xx_HAL_Driver/Src/stm32f4xx_hal.o
 .debug_frame   0x000007a4      0x508 ./Drivers/STM32F4xx_HAL_Driver/Src/stm32f4xx_hal_cortex.o
 .debug_frame   0x00000cac      0x250 ./Drivers/STM32F4xx_HAL_Driver/Src/stm32f4xx_hal_dma.o
 .debug_frame   0x00000efc      0x14c ./Drivers/STM32F4xx_HAL_Driver/Src/stm32f4xx_hal_gpio.o
 .debug_frame   0x00001048      0x1f4 ./Drivers/STM32F4xx_HAL_Driver/Src/stm32f4xx_hal_rcc.o
 .debug_frame   0x0000123c     0x11c0 ./Drivers/STM32F4xx_HAL_Driver/Src/stm32f4xx_hal_tim.o
 .debug_frame   0x000023fc      0x638 ./Drivers/STM32F4xx_HAL_Driver/Src/stm32f4xx_hal_tim_ex.o
 .debug_frame   0x00002a34       0x20 D:/embedded/STM32CubeIDE_1.16.0/STM32CubeIDE/plugins/com.st.stm32cube.ide.mcu.externaltools.gnu-tools-for-stm32.12.3.rel1.win32_1.0.200.202406191623/tools/bin/../lib/gcc/arm-none-eabi/12.3.1/../../../../arm-none-eabi/lib/thumb/v7e-m+fp/hard\libc_nano.a(libc_a-memset.o)
 .debug_frame   0x00002a54       0x2c D:/embedded/STM32CubeIDE_1.16.0/STM32CubeIDE/plugins/com.st.stm32cube.ide.mcu.externaltools.gnu-tools-for-stm32.12.3.rel1.win32_1.0.200.202406191623/tools/bin/../lib/gcc/arm-none-eabi/12.3.1/../../../../arm-none-eabi/lib/thumb/v7e-m+fp/hard\libc_nano.a(libc_a-init.o)
 .debug_frame   0x00002a80       0x2c D:/embedded/STM32CubeIDE_1.16.0/STM32CubeIDE/plugins/com.st.stm32cube.ide.mcu.externaltools.gnu-tools-for-stm32.12.3.rel1.win32_1.0.200.202406191623/tools/bin/../lib/gcc/arm-none-eabi/12.3.1/thumb/v7e-m+fp/hard\libgcc.a(_aeabi_uldivmod.o)
 .debug_frame   0x00002aac       0x34 D:/embedded/STM32CubeIDE_1.16.0/STM32CubeIDE/plugins/com.st.stm32cube.ide.mcu.externaltools.gnu-tools-for-stm32.12.3.rel1.win32_1.0.200.202406191623/tools/bin/../lib/gcc/arm-none-eabi/12.3.1/thumb/v7e-m+fp/hard\libgcc.a(_udivmoddi4.o)

.debug_line_str
                0x00000000       0x7a
 .debug_line_str
                0x00000000       0x7a ./Core/Startup/startup_stm32f407vgtx.o
