../Core/Src/DshotBitbang.c:8:6:DshotOutputMode_init	8	static
../Core/Src/DshotBitbang.c:14:6:MemBuffer_init	24	static
../Core/Src/DshotBitbang.c:24:10:calculateCRCandTelemtryBit	16	static
../Core/Src/DshotBitbang.c:28:10:getDshotFrame	24	static
../Core/Src/DshotBitbang.c:32:6:DshotFrameToMemBuffer	24	static
../Core/Src/DshotBitbang.c:45:10:get_BDshot_response	40	static
../Core/Src/DshotBitbang.c:107:16:BDshot_check_checksum	16	static
../Core/Src/DshotBitbang.c:126:10:rawBdShot_to_raw16bit	32	static
../Core/Src/DshotBitbang.c:156:10:raw16bit_to_motorRpm	24	static
